[SafePPO seed=2] Ep   5 | ret -173.81 | cost  0.00 | lam  0.780 | solved 0.00 | viol 0
[SafePPO seed=2] Ep  10 | ret -171.93 | cost  0.00 | lam  0.612 | solved 0.00 | viol 0
[SafePPO seed=2] Ep  15 | ret -179.54 | cost  0.00 | lam  0.487 | solved 0.00 | viol 0
[SafePPO seed=2] Ep  20 | ret -165.29 | cost  0.00 | lam  0.394 | solved 0.00 | viol 0
[SafePPO seed=2] Ep  25 | ret -176.25 | cost  0.00 | lam  0.324 | solved 0.00 | viol 0
[SafePPO seed=2] Ep  30 | ret -172.53 | cost  0.00 | lam  0.271 | solved 0.00 | viol 0
[SafePPO seed=2] Ep  35 | ret -169.75 | cost  0.00 | lam  0.231 | solved 0.00 | viol 0
[SafePPO seed=2] Ep  40 | ret -171.92 | cost  0.00 | lam  0.200 | solved 0.00 | viol 0
[SafePPO seed=2] Ep  45 | ret -166.74 | cost  0.00 | lam  0.176 | solved 0.00 | viol 0
[SafePPO seed=2] Ep  50 | ret -166.74 | cost  0.00 | lam  0.156 | solved 0.00 | viol 0
[SafePPO seed=2] Ep  55 | ret -166.26 | cost  0.00 | lam  0.140 | solved 0.00 | viol 0
[SafePPO seed=2] Ep  60 | ret -171.00 | cost  0.00 | lam  0.127 | solved 0.00 | viol 0
[SafePPO seed=2] Ep  65 | ret -165.93 | cost  0.00 | lam  0.116 | solved 0.00 | viol 0
[SafePPO seed=2] Ep  70 | ret -167.24 | cost  0.00 | lam  0.107 | solved 0.00 | viol 0
[SafePPO seed=2] Ep  75 | ret -161.17 | cost  0.00 | lam  0.098 | solved 0.00 | viol 0
[SafePPO seed=2] Ep  80 | ret -154.15 | cost  0.00 | lam  0.091 | solved 0.00 | viol 0
[SafePPO seed=2] Ep  85 | ret -147.84 | cost  0.00 | lam  0.085 | solved 0.00 | viol 0
[SafePPO seed=2] Ep  90 | ret -146.82 | cost  0.00 | lam  0.080 | solved 0.00 | viol 0
[SafePPO seed=2] Ep  95 | ret -146.27 | cost  0.00 | lam  0.075 | solved 0.00 | viol 0
[SafePPO seed=2] Ep 100 | ret -127.58 | cost  4.92 | lam  0.070 | solved 0.00 | viol 135
[SafePPO seed=2] Ep 105 | ret  -53.75 | cost 30.37 | lam  0.067 | solved 0.45 | viol 590
[SafePPO seed=2] Ep 110 | ret  -15.89 | cost 42.62 | lam  0.065 | solved 0.75 | viol 896
[SafePPO seed=2] Ep 115 | ret    9.25 | cost 47.81 | lam  0.064 | solved 0.92 | viol 1050
[SafePPO seed=2] Ep 120 | ret   23.08 | cost 63.28 | lam  0.064 | solved 1.00 | viol 1266
[SafePPO seed=2] Ep 125 | ret   29.17 | cost 62.45 | lam  0.066 | solved 1.00 | viol 1233
[SafePPO seed=2] Ep 130 | ret   32.45 | cost 64.63 | lam  0.068 | solved 1.00 | viol 1225
[SafePPO seed=2] Ep 135 | ret   37.00 | cost 49.08 | lam  0.071 | solved 1.00 | viol 1117
[SafePPO seed=2] Ep 140 | ret   41.34 | cost 43.97 | lam  0.075 | solved 1.00 | viol 1036
[SafePPO seed=2] Ep 145 | ret   43.69 | cost 30.73 | lam  0.078 | solved 1.00 | viol 893
[SafePPO seed=2] Ep 150 | ret   44.86 | cost 36.51 | lam  0.081 | solved 1.00 | viol 955
[SafePPO seed=2] Ep 155 | ret   42.78 | cost 34.18 | lam  0.083 | solved 1.00 | viol 941
[SafePPO seed=2] Ep 160 | ret   44.84 | cost 35.49 | lam  0.086 | solved 1.00 | viol 965
[SafePPO seed=2] Ep 165 | ret   46.39 | cost 32.04 | lam  0.089 | solved 1.00 | viol 923
[SafePPO seed=2] Ep 170 | ret   44.14 | cost 36.97 | lam  0.091 | solved 1.00 | viol 970
[SafePPO seed=2] Ep 175 | ret   44.67 | cost 36.94 | lam  0.094 | solved 1.00 | viol 982
[SafePPO seed=2] Ep 180 | ret   50.31 | cost 28.20 | lam  0.097 | solved 1.00 | viol 859
[SafePPO seed=2] Ep 185 | ret   47.32 | cost 28.47 | lam  0.099 | solved 1.00 | viol 887
[SafePPO seed=2] Ep 190 | ret   46.00 | cost 34.21 | lam  0.102 | solved 1.00 | viol 929
[SafePPO seed=2] Ep 195 | ret   47.41 | cost 32.78 | lam  0.104 | solved 1.00 | viol 882
[SafePPO seed=2] Ep 200 | ret   49.96 | cost 26.64 | lam  0.106 | solved 1.00 | viol 843
[SafePPO seed=2] Ep 205 | ret   45.79 | cost 32.29 | lam  0.108 | solved 1.00 | viol 891
[SafePPO seed=2] Ep 210 | ret   48.38 | cost 28.19 | lam  0.110 | solved 1.00 | viol 870
[SafePPO seed=2] Ep 215 | ret   48.33 | cost 30.95 | lam  0.112 | solved 1.00 | viol 886
[SafePPO seed=2] Ep 220 | ret   48.09 | cost 26.74 | lam  0.113 | solved 1.00 | viol 829
[SafePPO seed=2] Ep 225 | ret   46.41 | cost 32.63 | lam  0.114 | solved 1.00 | viol 931
[SafePPO seed=2] Ep 230 | ret   47.25 | cost 26.34 | lam  0.116 | solved 1.00 | viol 857
[SafePPO seed=2] Ep 235 | ret   50.56 | cost 22.87 | lam  0.116 | solved 1.00 | viol 828
[SafePPO seed=2] Ep 240 | ret   50.58 | cost 18.63 | lam  0.116 | solved 1.00 | viol 738
[SafePPO seed=2] Ep 245 | ret   47.65 | cost 18.53 | lam  0.115 | solved 1.00 | viol 750
[SafePPO seed=2] Ep 250 | ret   48.59 | cost 16.14 | lam  0.113 | solved 1.00 | viol 733
[SafePPO seed=2] Ep 255 | ret   46.53 | cost 21.60 | lam  0.110 | solved 1.00 | viol 807
[SafePPO seed=2] Ep 260 | ret   50.17 | cost 15.82 | lam  0.108 | solved 1.00 | viol 680
[SafePPO seed=2] Ep 265 | ret   45.48 | cost 21.11 | lam  0.104 | solved 1.00 | viol 832
[SafePPO seed=2] Ep 270 | ret   48.00 | cost 16.65 | lam  0.101 | solved 1.00 | viol 777
[SafePPO seed=2] Ep 275 | ret   48.86 | cost 13.83 | lam  0.096 | solved 1.00 | viol 641
[SafePPO seed=2] Ep 280 | ret   49.02 | cost 13.79 | lam  0.092 | solved 1.00 | viol 706
[SafePPO seed=2] Ep 285 | ret   45.63 | cost 17.54 | lam  0.087 | solved 1.00 | viol 760
[SafePPO seed=2] Ep 290 | ret   48.14 | cost 10.92 | lam  0.083 | solved 1.00 | viol 655
[SafePPO seed=2] Ep 295 | ret   48.39 | cost 12.93 | lam  0.079 | solved 1.00 | viol 638
[SafePPO seed=2] Ep 300 | ret   51.09 | cost  9.33 | lam  0.075 | solved 1.00 | viol 622
[SafePPO seed=2] done in 329.3s -> /Users/edwarb/projects/uni-project/deep-learning/finalproject-rl/DL/mountaincar-safe-rl/results/safe_S24/seed_2
