[SafePPO seed=0] Ep   5 | ret -175.04 | cost  0.00 | lam  0.905 | solved 0.00 | viol 0
[SafePPO seed=0] Ep  10 | ret -168.72 | cost  0.00 | lam  0.820 | solved 0.00 | viol 0
[SafePPO seed=0] Ep  15 | ret -163.87 | cost  0.00 | lam  0.744 | solved 0.00 | viol 0
[SafePPO seed=0] Ep  20 | ret -158.86 | cost  0.00 | lam  0.677 | solved 0.00 | viol 0
[SafePPO seed=0] Ep  25 | ret -153.70 | cost  0.00 | lam  0.618 | solved 0.00 | viol 0
[SafePPO seed=0] Ep  30 | ret -151.54 | cost  0.00 | lam  0.566 | solved 0.00 | viol 0
[SafePPO seed=0] Ep  35 | ret -151.50 | cost  0.00 | lam  0.520 | solved 0.00 | viol 0
[SafePPO seed=0] Ep  40 | ret -149.53 | cost  0.00 | lam  0.480 | solved 0.00 | viol 0
[SafePPO seed=0] Ep  45 | ret -149.99 | cost  0.00 | lam  0.444 | solved 0.00 | viol 0
[SafePPO seed=0] Ep  50 | ret -149.30 | cost  0.00 | lam  0.413 | solved 0.00 | viol 0
[SafePPO seed=0] Ep  55 | ret -153.80 | cost  0.00 | lam  0.385 | solved 0.00 | viol 0
[SafePPO seed=0] Ep  60 | ret -149.41 | cost  0.00 | lam  0.360 | solved 0.00 | viol 0
[SafePPO seed=0] Ep  65 | ret -148.79 | cost  0.00 | lam  0.337 | solved 0.00 | viol 0
[SafePPO seed=0] Ep  70 | ret -138.98 | cost  0.00 | lam  0.317 | solved 0.00 | viol 0
[SafePPO seed=0] Ep  75 | ret -133.81 | cost  0.25 | lam  0.299 | solved 0.00 | viol 28
[SafePPO seed=0] Ep  80 | ret  -96.25 | cost  6.45 | lam  0.282 | solved 0.15 | viol 342
[SafePPO seed=0] Ep  85 | ret  -87.01 | cost  7.86 | lam  0.268 | solved 0.25 | viol 336
[SafePPO seed=0] Ep  90 | ret  -28.25 | cost 13.62 | lam  0.256 | solved 0.76 | viol 416
[SafePPO seed=0] Ep  95 | ret   -4.49 | cost 24.43 | lam  0.247 | solved 0.82 | viol 628
[SafePPO seed=0] Ep 100 | ret  -18.48 | cost 23.18 | lam  0.240 | solved 0.70 | viol 603
[SafePPO seed=0] Ep 105 | ret   15.32 | cost 31.91 | lam  0.234 | solved 0.92 | viol 795
[SafePPO seed=0] Ep 110 | ret   33.73 | cost 33.21 | lam  0.231 | solved 1.00 | viol 816
[SafePPO seed=0] Ep 115 | ret   43.71 | cost 19.22 | lam  0.230 | solved 0.97 | viol 647
[SafePPO seed=0] Ep 120 | ret   46.86 | cost 21.98 | lam  0.229 | solved 1.00 | viol 731
[SafePPO seed=0] Ep 125 | ret   48.16 | cost 23.01 | lam  0.228 | solved 1.00 | viol 758
[SafePPO seed=0] Ep 130 | ret   46.32 | cost 28.74 | lam  0.228 | solved 1.00 | viol 811
[SafePPO seed=0] Ep 135 | ret   48.93 | cost 25.95 | lam  0.228 | solved 1.00 | viol 746
[SafePPO seed=0] Ep 140 | ret   49.56 | cost 23.18 | lam  0.228 | solved 1.00 | viol 728
[SafePPO seed=0] Ep 145 | ret   47.29 | cost 23.31 | lam  0.227 | solved 1.00 | viol 792
[SafePPO seed=0] Ep 150 | ret   48.75 | cost 20.02 | lam  0.226 | solved 1.00 | viol 713
[SafePPO seed=0] Ep 155 | ret   50.10 | cost 17.42 | lam  0.223 | solved 1.00 | viol 716
[SafePPO seed=0] Ep 160 | ret   46.02 | cost 16.06 | lam  0.220 | solved 1.00 | viol 735
[SafePPO seed=0] Ep 165 | ret   51.05 | cost 13.18 | lam  0.217 | solved 1.00 | viol 665
[SafePPO seed=0] Ep 170 | ret   50.92 | cost 15.48 | lam  0.212 | solved 1.00 | viol 616
[SafePPO seed=0] Ep 175 | ret   47.74 | cost 14.41 | lam  0.207 | solved 1.00 | viol 666
[SafePPO seed=0] Ep 180 | ret   50.45 | cost  8.44 | lam  0.202 | solved 1.00 | viol 550
[SafePPO seed=0] Ep 185 | ret   47.70 | cost 20.22 | lam  0.197 | solved 1.00 | viol 737
[SafePPO seed=0] Ep 190 | ret   53.11 | cost  6.12 | lam  0.192 | solved 1.00 | viol 498
[SafePPO seed=0] Ep 195 | ret   44.82 | cost 20.60 | lam  0.187 | solved 1.00 | viol 772
[SafePPO seed=0] Ep 200 | ret   47.73 | cost 10.89 | lam  0.183 | solved 1.00 | viol 616
[SafePPO seed=0] Ep 205 | ret   49.61 | cost  8.95 | lam  0.178 | solved 1.00 | viol 564
[SafePPO seed=0] Ep 210 | ret   46.55 | cost 12.16 | lam  0.173 | solved 1.00 | viol 592
[SafePPO seed=0] Ep 215 | ret   47.59 | cost 12.90 | lam  0.168 | solved 1.00 | viol 636
[SafePPO seed=0] Ep 220 | ret   46.18 | cost 10.14 | lam  0.164 | solved 1.00 | viol 605
[SafePPO seed=0] Ep 225 | ret   52.64 | cost  6.76 | lam  0.159 | solved 1.00 | viol 483
[SafePPO seed=0] Ep 230 | ret   49.81 | cost  8.29 | lam  0.154 | solved 1.00 | viol 522
[SafePPO seed=0] Ep 235 | ret   52.50 | cost  6.09 | lam  0.149 | solved 1.00 | viol 497
[SafePPO seed=0] Ep 240 | ret   41.93 | cost 14.19 | lam  0.145 | solved 0.94 | viol 591
[SafePPO seed=0] Ep 245 | ret   48.96 | cost  7.04 | lam  0.140 | solved 1.00 | viol 477
[SafePPO seed=0] Ep 250 | ret   43.78 | cost 23.38 | lam  0.137 | solved 1.00 | viol 810
[SafePPO seed=0] Ep 255 | ret   50.27 | cost  5.18 | lam  0.134 | solved 1.00 | viol 503
[SafePPO seed=0] Ep 260 | ret   48.83 | cost  7.68 | lam  0.130 | solved 1.00 | viol 507
[SafePPO seed=0] Ep 265 | ret   46.53 | cost 15.25 | lam  0.127 | solved 1.00 | viol 685
[SafePPO seed=0] Ep 270 | ret   47.06 | cost  8.47 | lam  0.124 | solved 1.00 | viol 549
[SafePPO seed=0] Ep 275 | ret   52.68 | cost  5.13 | lam  0.121 | solved 1.00 | viol 486
[SafePPO seed=0] Ep 280 | ret   52.89 | cost  4.07 | lam  0.117 | solved 1.00 | viol 428
[SafePPO seed=0] Ep 285 | ret   53.53 | cost  3.39 | lam  0.114 | solved 1.00 | viol 406
[SafePPO seed=0] Ep 290 | ret   46.78 | cost  7.43 | lam  0.111 | solved 0.97 | viol 498
[SafePPO seed=0] Ep 295 | ret   49.80 | cost  5.20 | lam  0.108 | solved 1.00 | viol 481
[SafePPO seed=0] Ep 300 | ret   49.65 | cost  3.98 | lam  0.105 | solved 1.00 | viol 436
[SafePPO seed=0] done in 333.5s -> /Users/edwarb/projects/uni-project/deep-learning/finalproject-rl/DL/mountaincar-safe-rl/results/safe_S20/seed_0
