[SafePPO seed=1] Ep   5 | ret -173.02 | cost  0.00 | lam  0.333 | solved 0.00 | viol 0
[SafePPO seed=1] Ep  10 | ret -166.58 | cost  0.00 | lam  0.302 | solved 0.00 | viol 0
[SafePPO seed=1] Ep  15 | ret -163.70 | cost  0.00 | lam  0.274 | solved 0.00 | viol 0
[SafePPO seed=1] Ep  20 | ret -164.43 | cost  0.00 | lam  0.249 | solved 0.00 | viol 0
[SafePPO seed=1] Ep  25 | ret -160.68 | cost  0.00 | lam  0.227 | solved 0.00 | viol 0
[SafePPO seed=1] Ep  30 | ret -156.05 | cost  0.00 | lam  0.208 | solved 0.00 | viol 0
[SafePPO seed=1] Ep  35 | ret -158.65 | cost  0.00 | lam  0.191 | solved 0.00 | viol 0
[SafePPO seed=1] Ep  40 | ret -155.02 | cost  0.00 | lam  0.177 | solved 0.00 | viol 0
[SafePPO seed=1] Ep  45 | ret -156.33 | cost  0.00 | lam  0.164 | solved 0.00 | viol 0
[SafePPO seed=1] Ep  50 | ret -157.89 | cost  0.00 | lam  0.152 | solved 0.00 | viol 0
[SafePPO seed=1] Ep  55 | ret -155.42 | cost  0.00 | lam  0.142 | solved 0.00 | viol 0
[SafePPO seed=1] Ep  60 | ret -150.22 | cost  0.00 | lam  0.132 | solved 0.00 | viol 0
[SafePPO seed=1] Ep  65 | ret -154.69 | cost  0.00 | lam  0.124 | solved 0.00 | viol 0
[SafePPO seed=1] Ep  70 | ret -155.32 | cost  0.00 | lam  0.117 | solved 0.00 | viol 0
[SafePPO seed=1] Ep  75 | ret -149.35 | cost  0.00 | lam  0.110 | solved 0.00 | viol 0
[SafePPO seed=1] Ep  80 | ret -151.98 | cost  0.00 | lam  0.104 | solved 0.00 | viol 0
[SafePPO seed=1] Ep  85 | ret -151.40 | cost  0.00 | lam  0.098 | solved 0.00 | viol 0
[SafePPO seed=1] Ep  90 | ret -147.28 | cost  0.00 | lam  0.093 | solved 0.00 | viol 0
[SafePPO seed=1] Ep  95 | ret -146.96 | cost  0.00 | lam  0.088 | solved 0.00 | viol 0
[SafePPO seed=1] Ep 100 | ret -148.84 | cost  0.00 | lam  0.084 | solved 0.00 | viol 0
[SafePPO seed=1] Ep 105 | ret -148.75 | cost  0.00 | lam  0.080 | solved 0.00 | viol 0
[SafePPO seed=1] Ep 110 | ret -145.47 | cost  0.00 | lam  0.077 | solved 0.00 | viol 0
[SafePPO seed=1] Ep 115 | ret -147.48 | cost  0.00 | lam  0.073 | solved 0.00 | viol 0
[SafePPO seed=1] Ep 120 | ret -141.35 | cost  0.00 | lam  0.070 | solved 0.00 | viol 0
[SafePPO seed=1] Ep 125 | ret -118.24 | cost  1.04 | lam  0.067 | solved 0.10 | viol 88
[SafePPO seed=1] Ep 130 | ret  -29.48 | cost 11.98 | lam  0.064 | solved 0.75 | viol 445
[SafePPO seed=1] Ep 135 | ret  -17.20 | cost 22.34 | lam  0.062 | solved 0.81 | viol 607
[SafePPO seed=1] Ep 140 | ret    3.83 | cost 37.07 | lam  0.061 | solved 0.91 | viol 893
[SafePPO seed=1] Ep 145 | ret   22.36 | cost 44.64 | lam  0.060 | solved 0.96 | viol 887
[SafePPO seed=1] Ep 150 | ret   36.72 | cost 29.47 | lam  0.060 | solved 0.97 | viol 756
[SafePPO seed=1] Ep 155 | ret   36.74 | cost 40.96 | lam  0.060 | solved 1.00 | viol 969
[SafePPO seed=1] Ep 160 | ret   43.27 | cost 28.82 | lam  0.060 | solved 1.00 | viol 801
[SafePPO seed=1] Ep 165 | ret   49.90 | cost 23.03 | lam  0.060 | solved 1.00 | viol 731
[SafePPO seed=1] Ep 170 | ret   42.96 | cost 36.68 | lam  0.061 | solved 1.00 | viol 914
[SafePPO seed=1] Ep 175 | ret   48.02 | cost 28.75 | lam  0.061 | solved 1.00 | viol 808
[SafePPO seed=1] Ep 180 | ret   48.81 | cost 27.24 | lam  0.062 | solved 1.00 | viol 825
[SafePPO seed=1] Ep 185 | ret   45.32 | cost 34.21 | lam  0.062 | solved 1.00 | viol 880
[SafePPO seed=1] Ep 190 | ret   49.41 | cost 25.80 | lam  0.063 | solved 1.00 | viol 826
[SafePPO seed=1] Ep 195 | ret   49.82 | cost 25.20 | lam  0.063 | solved 1.00 | viol 778
[SafePPO seed=1] Ep 200 | ret   48.81 | cost 28.39 | lam  0.063 | solved 1.00 | viol 840
[SafePPO seed=1] Ep 205 | ret   51.54 | cost 19.11 | lam  0.063 | solved 1.00 | viol 695
[SafePPO seed=1] Ep 210 | ret   48.91 | cost 26.49 | lam  0.063 | solved 1.00 | viol 763
[SafePPO seed=1] Ep 215 | ret   49.58 | cost 27.90 | lam  0.063 | solved 1.00 | viol 812
[SafePPO seed=1] Ep 220 | ret   48.29 | cost 18.91 | lam  0.063 | solved 1.00 | viol 779
[SafePPO seed=1] Ep 225 | ret   51.40 | cost 15.42 | lam  0.063 | solved 1.00 | viol 662
[SafePPO seed=1] Ep 230 | ret   47.63 | cost 17.93 | lam  0.062 | solved 1.00 | viol 742
[SafePPO seed=1] Ep 235 | ret   51.49 | cost 13.24 | lam  0.062 | solved 1.00 | viol 664
[SafePPO seed=1] Ep 240 | ret   46.96 | cost 25.92 | lam  0.061 | solved 1.00 | viol 822
[SafePPO seed=1] Ep 245 | ret   51.27 | cost 13.45 | lam  0.061 | solved 1.00 | viol 655
[SafePPO seed=1] Ep 250 | ret   50.33 | cost 14.32 | lam  0.060 | solved 1.00 | viol 685
[SafePPO seed=1] Ep 255 | ret   49.75 | cost 12.06 | lam  0.059 | solved 1.00 | viol 608
[SafePPO seed=1] Ep 260 | ret   50.03 | cost 14.73 | lam  0.058 | solved 1.00 | viol 659
[SafePPO seed=1] Ep 265 | ret   49.16 | cost 12.12 | lam  0.057 | solved 1.00 | viol 649
[SafePPO seed=1] Ep 270 | ret   48.27 | cost 13.31 | lam  0.056 | solved 1.00 | viol 640
[SafePPO seed=1] Ep 275 | ret   49.31 | cost 11.29 | lam  0.054 | solved 1.00 | viol 629
[SafePPO seed=1] Ep 280 | ret   49.74 | cost  7.72 | lam  0.053 | solved 1.00 | viol 524
[SafePPO seed=1] Ep 285 | ret   51.02 | cost  8.77 | lam  0.052 | solved 1.00 | viol 587
[SafePPO seed=1] Ep 290 | ret   48.94 | cost  7.26 | lam  0.050 | solved 1.00 | viol 554
[SafePPO seed=1] Ep 295 | ret   49.51 | cost 17.55 | lam  0.049 | solved 1.00 | viol 713
[SafePPO seed=1] Ep 300 | ret   49.38 | cost  7.95 | lam  0.048 | solved 1.00 | viol 545
[SafePPO seed=1] done in 342.7s -> /Users/edwarb/projects/uni-project/deep-learning/finalproject-rl/DL/mountaincar-safe-rl/results/safe_S19/seed_1
