[SafePPO seed=0] Ep   5 | ret -175.04 | cost  0.00 | lam  0.049 | solved 0.00 | viol 0
[SafePPO seed=0] Ep  10 | ret -168.61 | cost  0.00 | lam  0.047 | solved 0.00 | viol 0
[SafePPO seed=0] Ep  15 | ret -163.83 | cost  0.00 | lam  0.046 | solved 0.00 | viol 0
[SafePPO seed=0] Ep  20 | ret -155.46 | cost  0.00 | lam  0.045 | solved 0.00 | viol 0
[SafePPO seed=0] Ep  25 | ret -153.76 | cost  0.00 | lam  0.044 | solved 0.00 | viol 0
[SafePPO seed=0] Ep  30 | ret -150.27 | cost  0.00 | lam  0.043 | solved 0.00 | viol 0
[SafePPO seed=0] Ep  35 | ret -149.10 | cost  0.00 | lam  0.042 | solved 0.00 | viol 0
[SafePPO seed=0] Ep  40 | ret -149.00 | cost  0.00 | lam  0.041 | solved 0.00 | viol 0
[SafePPO seed=0] Ep  45 | ret -148.61 | cost  0.00 | lam  0.040 | solved 0.00 | viol 0
[SafePPO seed=0] Ep  50 | ret -153.22 | cost  0.00 | lam  0.039 | solved 0.00 | viol 0
[SafePPO seed=0] Ep  55 | ret -153.70 | cost  0.00 | lam  0.038 | solved 0.00 | viol 0
[SafePPO seed=0] Ep  60 | ret -153.21 | cost  0.00 | lam  0.037 | solved 0.00 | viol 0
[SafePPO seed=0] Ep  65 | ret -157.26 | cost  0.00 | lam  0.036 | solved 0.00 | viol 0
[SafePPO seed=0] Ep  70 | ret -147.00 | cost  0.00 | lam  0.036 | solved 0.00 | viol 0
[SafePPO seed=0] Ep  75 | ret -146.79 | cost  0.00 | lam  0.035 | solved 0.00 | viol 0
[SafePPO seed=0] Ep  80 | ret -123.96 | cost  0.64 | lam  0.034 | solved 0.00 | viol 74
[SafePPO seed=0] Ep  85 | ret  -22.12 | cost 13.49 | lam  0.033 | solved 0.80 | viol 462
[SafePPO seed=0] Ep  90 | ret  -42.64 | cost 21.12 | lam  0.033 | solved 0.65 | viol 580
[SafePPO seed=0] Ep  95 | ret   13.83 | cost 28.06 | lam  0.032 | solved 0.96 | viol 753
[SafePPO seed=0] Ep 100 | ret   24.19 | cost 34.86 | lam  0.032 | solved 1.00 | viol 871
[SafePPO seed=0] Ep 105 | ret   35.67 | cost 25.43 | lam  0.032 | solved 0.97 | viol 732
[SafePPO seed=0] Ep 110 | ret   38.18 | cost 42.37 | lam  0.032 | solved 1.00 | viol 935
[SafePPO seed=0] Ep 115 | ret   46.21 | cost 28.63 | lam  0.032 | solved 1.00 | viol 835
[SafePPO seed=0] Ep 120 | ret   43.22 | cost 37.91 | lam  0.032 | solved 1.00 | viol 890
[SafePPO seed=0] Ep 125 | ret   48.82 | cost 22.87 | lam  0.032 | solved 1.00 | viol 767
[SafePPO seed=0] Ep 130 | ret   46.99 | cost 33.64 | lam  0.032 | solved 1.00 | viol 888
[SafePPO seed=0] Ep 135 | ret   44.70 | cost 36.59 | lam  0.033 | solved 1.00 | viol 901
[SafePPO seed=0] Ep 140 | ret   48.41 | cost 25.68 | lam  0.033 | solved 1.00 | viol 846
[SafePPO seed=0] Ep 145 | ret   49.76 | cost 24.93 | lam  0.033 | solved 1.00 | viol 782
[SafePPO seed=0] Ep 150 | ret   49.32 | cost 24.27 | lam  0.033 | solved 1.00 | viol 760
[SafePPO seed=0] done in 315.8s -> E:\DL\mountaincar-safe-rl\results\safe_ppo\seed_0
[SafePPO seed=1] Ep   5 | ret -173.02 | cost  0.00 | lam  0.049 | solved 0.00 | viol 0
[SafePPO seed=1] Ep  10 | ret -168.21 | cost  0.00 | lam  0.047 | solved 0.00 | viol 0
[SafePPO seed=1] Ep  15 | ret -164.44 | cost  0.00 | lam  0.046 | solved 0.00 | viol 0
[SafePPO seed=1] Ep  20 | ret -166.98 | cost  0.00 | lam  0.045 | solved 0.00 | viol 0
[SafePPO seed=1] Ep  25 | ret -158.24 | cost  0.00 | lam  0.044 | solved 0.00 | viol 0
[SafePPO seed=1] Ep  30 | ret -156.53 | cost  0.00 | lam  0.043 | solved 0.00 | viol 0
[SafePPO seed=1] Ep  35 | ret -159.35 | cost  0.00 | lam  0.042 | solved 0.00 | viol 0
[SafePPO seed=1] Ep  40 | ret -154.87 | cost  0.00 | lam  0.041 | solved 0.00 | viol 0
[SafePPO seed=1] Ep  45 | ret -157.74 | cost  0.00 | lam  0.040 | solved 0.00 | viol 0
[SafePPO seed=1] Ep  50 | ret -158.72 | cost  0.00 | lam  0.039 | solved 0.00 | viol 0
[SafePPO seed=1] Ep  55 | ret -151.50 | cost  0.00 | lam  0.038 | solved 0.00 | viol 0
[SafePPO seed=1] Ep  60 | ret -149.89 | cost  0.00 | lam  0.037 | solved 0.00 | viol 0
[SafePPO seed=1] Ep  65 | ret -152.38 | cost  0.00 | lam  0.036 | solved 0.00 | viol 0
[SafePPO seed=1] Ep  70 | ret -152.10 | cost  0.00 | lam  0.036 | solved 0.00 | viol 0
[SafePPO seed=1] Ep  75 | ret -148.74 | cost  0.00 | lam  0.035 | solved 0.00 | viol 0
[SafePPO seed=1] Ep  80 | ret -149.53 | cost  0.00 | lam  0.034 | solved 0.00 | viol 0
[SafePPO seed=1] Ep  85 | ret -150.38 | cost  0.00 | lam  0.033 | solved 0.00 | viol 0
[SafePPO seed=1] Ep  90 | ret -147.41 | cost  0.00 | lam  0.033 | solved 0.00 | viol 0
[SafePPO seed=1] Ep  95 | ret -147.15 | cost  0.00 | lam  0.032 | solved 0.00 | viol 0
[SafePPO seed=1] Ep 100 | ret -147.47 | cost  0.00 | lam  0.031 | solved 0.00 | viol 0
[SafePPO seed=1] Ep 105 | ret -147.98 | cost  0.00 | lam  0.031 | solved 0.00 | viol 0
[SafePPO seed=1] Ep 110 | ret -143.57 | cost  0.00 | lam  0.030 | solved 0.00 | viol 0
[SafePPO seed=1] Ep 115 | ret -146.49 | cost  0.00 | lam  0.030 | solved 0.00 | viol 0
[SafePPO seed=1] Ep 120 | ret -134.71 | cost  0.00 | lam  0.029 | solved 0.00 | viol 0
[SafePPO seed=1] Ep 125 | ret  -89.52 | cost  2.30 | lam  0.028 | solved 0.30 | viol 174
[SafePPO seed=1] Ep 130 | ret  -27.64 | cost 18.01 | lam  0.028 | solved 0.75 | viol 515
[SafePPO seed=1] Ep 135 | ret    4.86 | cost 33.58 | lam  0.028 | solved 0.91 | viol 847
[SafePPO seed=1] Ep 140 | ret   16.59 | cost 31.00 | lam  0.027 | solved 0.96 | viol 752
[SafePPO seed=1] Ep 145 | ret   25.58 | cost 37.81 | lam  0.027 | solved 1.00 | viol 858
[SafePPO seed=1] Ep 150 | ret   40.77 | cost 30.89 | lam  0.027 | solved 1.00 | viol 773
[SafePPO seed=1] done in 312.1s -> E:\DL\mountaincar-safe-rl\results\safe_ppo\seed_1
[SafePPO seed=2] Ep   5 | ret -173.81 | cost  0.00 | lam  0.049 | solved 0.00 | viol 0
[SafePPO seed=2] Ep  10 | ret -171.88 | cost  0.00 | lam  0.047 | solved 0.00 | viol 0
[SafePPO seed=2] Ep  15 | ret -179.44 | cost  0.00 | lam  0.046 | solved 0.00 | viol 0
[SafePPO seed=2] Ep  20 | ret -164.33 | cost  0.00 | lam  0.045 | solved 0.00 | viol 0
[SafePPO seed=2] Ep  25 | ret -173.87 | cost  0.00 | lam  0.044 | solved 0.00 | viol 0
[SafePPO seed=2] Ep  30 | ret -175.19 | cost  0.00 | lam  0.043 | solved 0.00 | viol 0
[SafePPO seed=2] Ep  35 | ret -170.42 | cost  0.00 | lam  0.042 | solved 0.00 | viol 0
[SafePPO seed=2] Ep  40 | ret -170.52 | cost  0.00 | lam  0.041 | solved 0.00 | viol 0
[SafePPO seed=2] Ep  45 | ret -164.04 | cost  0.00 | lam  0.040 | solved 0.00 | viol 0
[SafePPO seed=2] Ep  50 | ret -160.39 | cost  0.05 | lam  0.039 | solved 0.00 | viol 6
[SafePPO seed=2] Ep  55 | ret -161.27 | cost  0.00 | lam  0.038 | solved 0.00 | viol 0
[SafePPO seed=2] Ep  60 | ret -164.72 | cost  0.00 | lam  0.037 | solved 0.00 | viol 0
[SafePPO seed=2] Ep  65 | ret -160.82 | cost  0.00 | lam  0.036 | solved 0.00 | viol 0
[SafePPO seed=2] Ep  70 | ret -161.46 | cost  0.00 | lam  0.036 | solved 0.00 | viol 0
[SafePPO seed=2] Ep  75 | ret -156.01 | cost  0.06 | lam  0.035 | solved 0.00 | viol 5
[SafePPO seed=2] Ep  80 | ret -108.05 | cost 23.33 | lam  0.034 | solved 0.15 | viol 457
[SafePPO seed=2] Ep  85 | ret  -23.48 | cost 35.97 | lam  0.034 | solved 0.71 | viol 755
[SafePPO seed=2] Ep  90 | ret   -4.58 | cost 43.62 | lam  0.033 | solved 0.79 | viol 880
[SafePPO seed=2] Ep  95 | ret   -5.68 | cost 51.69 | lam  0.033 | solved 0.80 | viol 1095
[SafePPO seed=2] Ep 100 | ret   25.81 | cost 57.45 | lam  0.034 | solved 1.00 | viol 1235
[SafePPO seed=2] Ep 105 | ret   27.27 | cost 63.26 | lam  0.034 | solved 1.00 | viol 1276
[SafePPO seed=2] Ep 110 | ret   32.87 | cost 68.64 | lam  0.034 | solved 1.00 | viol 1349
[SafePPO seed=2] Ep 115 | ret   32.95 | cost 60.92 | lam  0.035 | solved 1.00 | viol 1239
[SafePPO seed=2] Ep 120 | ret   37.43 | cost 66.49 | lam  0.036 | solved 1.00 | viol 1239
[SafePPO seed=2] Ep 125 | ret   42.35 | cost 44.70 | lam  0.037 | solved 1.00 | viol 1089
[SafePPO seed=2] Ep 130 | ret   43.03 | cost 39.74 | lam  0.037 | solved 1.00 | viol 997
[SafePPO seed=2] Ep 135 | ret   44.04 | cost 42.50 | lam  0.038 | solved 1.00 | viol 1032
[SafePPO seed=2] Ep 140 | ret   44.83 | cost 37.22 | lam  0.039 | solved 1.00 | viol 1008
[SafePPO seed=2] Ep 145 | ret   42.27 | cost 35.81 | lam  0.039 | solved 1.00 | viol 961
[SafePPO seed=2] Ep 150 | ret   46.84 | cost 30.37 | lam  0.040 | solved 1.00 | viol 927
[SafePPO seed=2] done in 362.0s -> E:\DL\mountaincar-safe-rl\results\safe_ppo\seed_2
ALL_TRAINING_DONE  
