[DQN seed=0] Ep  30 | avg return -177.09 | eps 0.860
[DQN seed=0] Ep  60 | avg return -177.61 | eps 0.740
[DQN seed=0] Ep  90 | avg return -163.82 | eps 0.637
[DQN seed=0] Ep 120 | avg return -142.33 | eps 0.548
[DQN seed=0] Ep 150 | avg return -132.92 | eps 0.471
[DQN seed=0] Ep 180 | avg return  -79.08 | eps 0.406
[DQN seed=0] Ep 210 | avg return  -79.99 | eps 0.349
[DQN seed=0] Ep 240 | avg return  -25.77 | eps 0.300
[DQN seed=0] Ep 270 | avg return   10.47 | eps 0.258
[DQN seed=0] Ep 300 | avg return   12.91 | eps 0.222
[DQN seed=0] Ep 330 | avg return   20.78 | eps 0.191
[DQN seed=0] Ep 360 | avg return   29.71 | eps 0.165
[DQN seed=0] Ep 390 | avg return   25.41 | eps 0.142
[DQN seed=0] Ep 420 | avg return   29.77 | eps 0.122
[DQN seed=0] Ep 450 | avg return   26.18 | eps 0.105
[DQN seed=0] done in 175.1s -> E:\DL\mountaincar-safe-rl\results\dqn\seed_0
[PPO seed=0] Ep   5 | avg ret -175.43 | solved 0.00 | pi -0.012 | v 908.331
[PPO seed=0] Ep  10 | avg ret -171.85 | solved 0.00 | pi -0.013 | v 500.526
[PPO seed=0] Ep  15 | avg ret -168.79 | solved 0.00 | pi -0.012 | v 435.624
[PPO seed=0] Ep  20 | avg ret -161.02 | solved 0.00 | pi -0.011 | v 409.339
[PPO seed=0] Ep  25 | avg ret -162.49 | solved 0.00 | pi -0.011 | v 418.400
[PPO seed=0] Ep  30 | avg ret -163.34 | solved 0.00 | pi -0.011 | v 409.226
[PPO seed=0] Ep  35 | avg ret -163.98 | solved 0.00 | pi -0.012 | v 415.458
[PPO seed=0] Ep  40 | avg ret -162.58 | solved 0.00 | pi -0.010 | v 405.409
[PPO seed=0] Ep  45 | avg ret -154.90 | solved 0.00 | pi -0.008 | v 370.625
[PPO seed=0] Ep  50 | avg ret -155.09 | solved 0.00 | pi -0.007 | v 373.746
[PPO seed=0] Ep  55 | avg ret -154.89 | solved 0.00 | pi -0.005 | v 362.403
[PPO seed=0] Ep  60 | avg ret -155.41 | solved 0.00 | pi -0.007 | v 349.066
[PPO seed=0] Ep  65 | avg ret -152.22 | solved 0.00 | pi -0.007 | v 296.616
[PPO seed=0] Ep  70 | avg ret -145.36 | solved 0.00 | pi -0.004 | v 271.063
[PPO seed=0] Ep  75 | avg ret -147.43 | solved 0.00 | pi -0.004 | v 290.278
[PPO seed=0] Ep  80 | avg ret -146.65 | solved 0.00 | pi -0.005 | v 233.853
[PPO seed=0] Ep  85 | avg ret -146.61 | solved 0.00 | pi -0.006 | v 210.676
[PPO seed=0] Ep  90 | avg ret -138.56 | solved 0.00 | pi -0.006 | v 159.649
[PPO seed=0] Ep  95 | avg ret  -62.85 | solved 0.45 | pi -0.005 | v 792.051
[PPO seed=0] Ep 100 | avg ret  -19.92 | solved 0.80 | pi -0.006 | v 544.038
[PPO seed=0] Ep 105 | avg ret   14.08 | solved 0.92 | pi -0.006 | v 358.495
[PPO seed=0] Ep 110 | avg ret   14.95 | solved 0.96 | pi -0.006 | v 175.305
[PPO seed=0] Ep 115 | avg ret   39.25 | solved 1.00 | pi -0.006 | v 47.825
[PPO seed=0] Ep 120 | avg ret   37.44 | solved 1.00 | pi -0.004 | v 38.382
[PPO seed=0] Ep 125 | avg ret   43.62 | solved 1.00 | pi -0.003 | v 48.743
[PPO seed=0] Ep 130 | avg ret   44.50 | solved 1.00 | pi -0.003 | v 39.650
[PPO seed=0] Ep 135 | avg ret   47.64 | solved 1.00 | pi -0.002 | v 22.111
[PPO seed=0] Ep 140 | avg ret   47.62 | solved 1.00 | pi -0.002 | v 32.058
[PPO seed=0] Ep 145 | avg ret   49.43 | solved 1.00 | pi -0.001 | v  6.813
[PPO seed=0] Ep 150 | avg ret   49.36 | solved 1.00 | pi -0.001 | v 11.451
[PPO seed=0] done in 458.1s -> E:\DL\mountaincar-safe-rl\results\ppo\seed_0
[SafePPO seed=0] Ep   5 | ret -174.65 | cost  0.00 | lam  0.049 | solved 0.00 | viol 0
[SafePPO seed=0] Ep  10 | ret -169.44 | cost  0.00 | lam  0.047 | solved 0.00 | viol 0
[SafePPO seed=0] Ep  15 | ret -164.48 | cost  0.00 | lam  0.046 | solved 0.00 | viol 0
[SafePPO seed=0] Ep  20 | ret -158.74 | cost  0.00 | lam  0.045 | solved 0.00 | viol 0
[SafePPO seed=0] Ep  25 | ret -154.79 | cost  0.00 | lam  0.044 | solved 0.00 | viol 0
[SafePPO seed=0] Ep  30 | ret -150.94 | cost  0.00 | lam  0.043 | solved 0.00 | viol 0
[SafePPO seed=0] Ep  35 | ret -149.68 | cost  0.00 | lam  0.042 | solved 0.00 | viol 0
[SafePPO seed=0] Ep  40 | ret -150.77 | cost  0.00 | lam  0.041 | solved 0.00 | viol 0
[SafePPO seed=0] Ep  45 | ret -149.15 | cost  0.00 | lam  0.040 | solved 0.00 | viol 0
[SafePPO seed=0] Ep  50 | ret -150.95 | cost  0.00 | lam  0.039 | solved 0.00 | viol 0
[SafePPO seed=0] Ep  55 | ret -154.29 | cost  0.00 | lam  0.038 | solved 0.00 | viol 0
[SafePPO seed=0] Ep  60 | ret -152.59 | cost  0.00 | lam  0.037 | solved 0.00 | viol 0
[SafePPO seed=0] Ep  65 | ret -151.59 | cost  0.00 | lam  0.036 | solved 0.00 | viol 0
[SafePPO seed=0] Ep  70 | ret -145.56 | cost  0.00 | lam  0.036 | solved 0.00 | viol 0
[SafePPO seed=0] Ep  75 | ret -148.27 | cost  0.00 | lam  0.035 | solved 0.00 | viol 0
[SafePPO seed=0] Ep  80 | ret -146.31 | cost  0.00 | lam  0.034 | solved 0.00 | viol 0
[SafePPO seed=0] Ep  85 | ret -148.24 | cost  0.00 | lam  0.033 | solved 0.00 | viol 0
[SafePPO seed=0] Ep  90 | ret -149.46 | cost  0.00 | lam  0.033 | solved 0.00 | viol 0
[SafePPO seed=0] Ep  95 | ret -148.56 | cost  0.00 | lam  0.032 | solved 0.00 | viol 0
[SafePPO seed=0] Ep 100 | ret -144.35 | cost  0.00 | lam  0.031 | solved 0.00 | viol 0
[SafePPO seed=0] Ep 105 | ret -122.41 | cost  1.52 | lam  0.031 | solved 0.05 | viol 101
[SafePPO seed=0] Ep 110 | ret  -41.26 | cost 15.66 | lam  0.030 | solved 0.60 | viol 508
[SafePPO seed=0] Ep 115 | ret  -15.30 | cost 22.36 | lam  0.030 | solved 0.82 | viol 593
[SafePPO seed=0] Ep 120 | ret   11.26 | cost 42.12 | lam  0.029 | solved 0.88 | viol 862
[SafePPO seed=0] Ep 125 | ret   29.51 | cost 52.22 | lam  0.029 | solved 1.00 | viol 966
[SafePPO seed=0] Ep 130 | ret   38.09 | cost 30.26 | lam  0.029 | solved 1.00 | viol 797
[SafePPO seed=0] Ep 135 | ret   43.13 | cost 34.81 | lam  0.029 | solved 1.00 | viol 874
[SafePPO seed=0] Ep 140 | ret   45.67 | cost 27.83 | lam  0.029 | solved 1.00 | viol 787
[SafePPO seed=0] Ep 145 | ret   45.68 | cost 27.97 | lam  0.030 | solved 1.00 | viol 792
[SafePPO seed=0] Ep 150 | ret   47.45 | cost 26.38 | lam  0.030 | solved 1.00 | viol 845
[SafePPO seed=0] done in 1057.8s -> E:\DL\mountaincar-safe-rl\results\safe_ppo\seed_0
[DQN seed=1] Ep  30 | avg return -180.30 | eps 0.860
[DQN seed=1] Ep  60 | avg return -174.80 | eps 0.740
[DQN seed=1] Ep  90 | avg return -161.28 | eps 0.637
[DQN seed=1] Ep 120 | avg return -143.58 | eps 0.548
[DQN seed=1] Ep 150 | avg return -116.03 | eps 0.471
[DQN seed=1] Ep 180 | avg return  -77.97 | eps 0.406
[DQN seed=1] Ep 210 | avg return  -17.36 | eps 0.349
[DQN seed=1] Ep 240 | avg return  -14.29 | eps 0.300
[DQN seed=1] Ep 270 | avg return    6.07 | eps 0.258
[DQN seed=1] Ep 300 | avg return    4.75 | eps 0.222
[DQN seed=1] Ep 330 | avg return    6.63 | eps 0.191
[DQN seed=1] Ep 360 | avg return   24.72 | eps 0.165
[DQN seed=1] Ep 390 | avg return   22.11 | eps 0.142
[DQN seed=1] Ep 420 | avg return   28.61 | eps 0.122
[DQN seed=1] Ep 450 | avg return   22.42 | eps 0.105
[DQN seed=1] done in 144.1s -> E:\DL\mountaincar-safe-rl\results\dqn\seed_1
[PPO seed=1] Ep   5 | avg ret -173.66 | solved 0.00 | pi -0.013 | v 908.325
[PPO seed=1] Ep  10 | avg ret -168.90 | solved 0.00 | pi -0.011 | v 484.010
[PPO seed=1] Ep  15 | avg ret -173.57 | solved 0.00 | pi -0.013 | v 465.676
[PPO seed=1] Ep  20 | avg ret -166.63 | solved 0.00 | pi -0.011 | v 425.677
[PPO seed=1] Ep  25 | avg ret -158.29 | solved 0.00 | pi -0.008 | v 391.058
[PPO seed=1] Ep  30 | avg ret -153.42 | solved 0.00 | pi -0.007 | v 363.138
[PPO seed=1] Ep  35 | avg ret -157.26 | solved 0.00 | pi -0.008 | v 384.424
[PPO seed=1] Ep  40 | avg ret -167.07 | solved 0.00 | pi -0.011 | v 414.736
[PPO seed=1] Ep  45 | avg ret -157.61 | solved 0.00 | pi -0.009 | v 365.963
[PPO seed=1] Ep  50 | avg ret -163.10 | solved 0.00 | pi -0.009 | v 397.991
[PPO seed=1] Ep  55 | avg ret -157.72 | solved 0.00 | pi -0.009 | v 383.639
[PPO seed=1] Ep  60 | avg ret -159.69 | solved 0.00 | pi -0.010 | v 368.026
[PPO seed=1] Ep  65 | avg ret -155.35 | solved 0.00 | pi -0.007 | v 317.688
[PPO seed=1] Ep  70 | avg ret -153.37 | solved 0.00 | pi -0.006 | v 321.854
[PPO seed=1] Ep  75 | avg ret -149.90 | solved 0.00 | pi -0.005 | v 294.388
[PPO seed=1] Ep  80 | avg ret -153.44 | solved 0.00 | pi -0.005 | v 299.340
[PPO seed=1] Ep  85 | avg ret -151.20 | solved 0.00 | pi -0.004 | v 267.697
[PPO seed=1] Ep  90 | avg ret -138.79 | solved 0.00 | pi -0.007 | v 157.221
[PPO seed=1] Ep  95 | avg ret  -55.38 | solved 0.50 | pi -0.005 | v 891.313
[PPO seed=1] Ep 100 | avg ret  -15.50 | solved 0.81 | pi -0.006 | v 505.413
[PPO seed=1] Ep 105 | avg ret   12.07 | solved 0.92 | pi -0.008 | v 325.877
[PPO seed=1] Ep 110 | avg ret   34.70 | solved 0.97 | pi -0.006 | v 160.106
[PPO seed=1] Ep 115 | avg ret   35.09 | solved 1.00 | pi -0.007 | v 58.338
[PPO seed=1] Ep 120 | avg ret   45.95 | solved 1.00 | pi -0.010 | v 26.521
[PPO seed=1] Ep 125 | avg ret   40.80 | solved 1.00 | pi -0.004 | v 36.017
[PPO seed=1] Ep 130 | avg ret   47.13 | solved 1.00 | pi -0.004 | v 44.159
[PPO seed=1] Ep 135 | avg ret   47.26 | solved 1.00 | pi -0.002 | v 39.653
[PPO seed=1] Ep 140 | avg ret   49.62 | solved 1.00 | pi -0.002 | v 43.808
[PPO seed=1] Ep 145 | avg ret   51.03 | solved 1.00 | pi -0.002 | v 17.691
[PPO seed=1] Ep 150 | avg ret   49.06 | solved 1.00 | pi -0.002 | v 40.219
[PPO seed=1] done in 379.4s -> E:\DL\mountaincar-safe-rl\results\ppo\seed_1
[SafePPO seed=1] Ep   5 | ret -174.88 | cost  0.00 | lam  0.049 | solved 0.00 | viol 0
[SafePPO seed=1] Ep  10 | ret -168.14 | cost  0.00 | lam  0.047 | solved 0.00 | viol 0
[SafePPO seed=1] Ep  15 | ret -166.39 | cost  0.00 | lam  0.046 | solved 0.00 | viol 0
[SafePPO seed=1] Ep  20 | ret -167.46 | cost  0.00 | lam  0.045 | solved 0.00 | viol 0
[SafePPO seed=1] Ep  25 | ret -158.19 | cost  0.00 | lam  0.044 | solved 0.00 | viol 0
[SafePPO seed=1] Ep  30 | ret -157.85 | cost  0.00 | lam  0.043 | solved 0.00 | viol 0
[SafePPO seed=1] Ep  35 | ret -158.40 | cost  0.00 | lam  0.042 | solved 0.00 | viol 0
[SafePPO seed=1] Ep  40 | ret -154.99 | cost  0.00 | lam  0.041 | solved 0.00 | viol 0
[SafePPO seed=1] Ep  45 | ret -158.52 | cost  0.00 | lam  0.040 | solved 0.00 | viol 0
[SafePPO seed=1] Ep  50 | ret -157.76 | cost  0.00 | lam  0.039 | solved 0.00 | viol 0
[SafePPO seed=1] Ep  55 | ret -152.15 | cost  0.00 | lam  0.038 | solved 0.00 | viol 0
[SafePPO seed=1] Ep  60 | ret -149.29 | cost  0.00 | lam  0.037 | solved 0.00 | viol 0
[SafePPO seed=1] Ep  65 | ret -152.13 | cost  0.00 | lam  0.036 | solved 0.00 | viol 0
[SafePPO seed=1] Ep  70 | ret -152.85 | cost  0.00 | lam  0.036 | solved 0.00 | viol 0
[SafePPO seed=1] Ep  75 | ret -147.92 | cost  0.00 | lam  0.035 | solved 0.00 | viol 0
[SafePPO seed=1] Ep  80 | ret -152.33 | cost  0.00 | lam  0.034 | solved 0.00 | viol 0
[SafePPO seed=1] Ep  85 | ret -154.37 | cost  0.00 | lam  0.033 | solved 0.00 | viol 0
[SafePPO seed=1] Ep  90 | ret -149.22 | cost  0.00 | lam  0.033 | solved 0.00 | viol 0
[SafePPO seed=1] Ep  95 | ret -147.98 | cost  0.00 | lam  0.032 | solved 0.00 | viol 0
[SafePPO seed=1] Ep 100 | ret -147.97 | cost  0.00 | lam  0.031 | solved 0.00 | viol 0
[SafePPO seed=1] Ep 105 | ret -148.61 | cost  0.00 | lam  0.031 | solved 0.00 | viol 0
[SafePPO seed=1] Ep 110 | ret -144.21 | cost  0.00 | lam  0.030 | solved 0.00 | viol 0
[SafePPO seed=1] Ep 115 | ret -147.21 | cost  0.00 | lam  0.030 | solved 0.00 | viol 0
[SafePPO seed=1] Ep 120 | ret -146.13 | cost  0.00 | lam  0.029 | solved 0.00 | viol 0
[SafePPO seed=1] Ep 125 | ret -149.10 | cost  0.00 | lam  0.028 | solved 0.00 | viol 0
[SafePPO seed=1] Ep 130 | ret -145.37 | cost  0.03 | lam  0.028 | solved 0.00 | viol 6
[SafePPO seed=1] Ep 135 | ret -130.42 | cost  0.44 | lam  0.027 | solved 0.00 | viol 51
[SafePPO seed=1] Ep 140 | ret  -55.97 | cost  8.25 | lam  0.027 | solved 0.55 | viol 313
[SafePPO seed=1] Ep 145 | ret  -16.77 | cost 28.82 | lam  0.026 | solved 0.81 | viol 690
[SafePPO seed=1] Ep 150 | ret    8.72 | cost 34.40 | lam  0.026 | solved 0.88 | viol 784
[SafePPO seed=1] done in 470.2s -> E:\DL\mountaincar-safe-rl\results\safe_ppo\seed_1
[DQN seed=2] Ep  30 | avg return -178.68 | eps 0.860
[DQN seed=2] Ep  60 | avg return -176.43 | eps 0.740
[DQN seed=2] Ep  90 | avg return -171.39 | eps 0.637
[DQN seed=2] Ep 120 | avg return -164.09 | eps 0.548
[DQN seed=2] Ep 150 | avg return -139.67 | eps 0.471
[DQN seed=2] Ep 180 | avg return  -96.59 | eps 0.406
[DQN seed=2] Ep 210 | avg return  -20.89 | eps 0.349
[DQN seed=2] Ep 240 | avg return   -2.08 | eps 0.300
[DQN seed=2] Ep 270 | avg return    3.24 | eps 0.258
[DQN seed=2] Ep 300 | avg return    6.20 | eps 0.222
[DQN seed=2] Ep 330 | avg return   18.99 | eps 0.191
[DQN seed=2] Ep 360 | avg return   26.26 | eps 0.165
[DQN seed=2] Ep 390 | avg return   32.36 | eps 0.142
[DQN seed=2] Ep 420 | avg return   29.75 | eps 0.122
[DQN seed=2] Ep 450 | avg return   28.45 | eps 0.105
[DQN seed=2] done in 140.4s -> E:\DL\mountaincar-safe-rl\results\dqn\seed_2
[PPO seed=2] Ep   5 | avg ret -175.68 | solved 0.00 | pi -0.015 | v 915.286
[PPO seed=2] Ep  10 | avg ret -176.23 | solved 0.00 | pi -0.018 | v 518.042
[PPO seed=2] Ep  15 | avg ret -178.34 | solved 0.00 | pi -0.013 | v 496.637
[PPO seed=2] Ep  20 | avg ret -176.35 | solved 0.00 | pi -0.014 | v 473.210
[PPO seed=2] Ep  25 | avg ret -180.91 | solved 0.00 | pi -0.011 | v 487.226
[PPO seed=2] Ep  30 | avg ret -159.91 | solved 0.00 | pi -0.009 | v 410.726
[PPO seed=2] Ep  35 | avg ret -154.13 | solved 0.00 | pi -0.006 | v 373.741
[PPO seed=2] Ep  40 | avg ret -149.09 | solved 0.00 | pi -0.007 | v 356.969
[PPO seed=2] Ep  45 | avg ret -151.15 | solved 0.00 | pi -0.005 | v 359.654
[PPO seed=2] Ep  50 | avg ret -149.58 | solved 0.00 | pi -0.005 | v 350.596
[PPO seed=2] Ep  55 | avg ret -148.66 | solved 0.00 | pi -0.004 | v 344.467
[PPO seed=2] Ep  60 | avg ret -147.27 | solved 0.00 | pi -0.004 | v 340.361
[PPO seed=2] Ep  65 | avg ret -149.06 | solved 0.00 | pi -0.005 | v 348.438
[PPO seed=2] Ep  70 | avg ret -151.87 | solved 0.00 | pi -0.005 | v 350.148
[PPO seed=2] Ep  75 | avg ret -152.52 | solved 0.00 | pi -0.006 | v 328.812
[PPO seed=2] Ep  80 | avg ret -151.22 | solved 0.00 | pi -0.005 | v 320.470
[PPO seed=2] Ep  85 | avg ret -149.05 | solved 0.00 | pi -0.006 | v 287.040
[PPO seed=2] Ep  90 | avg ret -149.53 | solved 0.00 | pi -0.007 | v 284.449
[PPO seed=2] Ep  95 | avg ret -144.38 | solved 0.00 | pi -0.010 | v 183.396
[PPO seed=2] Ep 100 | avg ret -113.83 | solved 0.00 | pi -0.011 | v 17.314
[PPO seed=2] Ep 105 | avg ret  -31.44 | solved 0.70 | pi -0.014 | v 947.602
[PPO seed=2] Ep 110 | avg ret  -29.11 | solved 0.71 | pi -0.009 | v 523.596
[PPO seed=2] Ep 115 | avg ret    9.86 | solved 0.88 | pi -0.008 | v 368.494
[PPO seed=2] Ep 120 | avg ret   24.08 | solved 0.93 | pi -0.006 | v 279.837
[PPO seed=2] Ep 125 | avg ret   33.69 | solved 0.97 | pi -0.004 | v 159.131
[PPO seed=2] Ep 130 | avg ret   44.81 | solved 1.00 | pi -0.004 | v 51.361
[PPO seed=2] Ep 135 | avg ret   40.54 | solved 1.00 | pi -0.003 | v 33.487
[PPO seed=2] Ep 140 | avg ret   44.55 | solved 1.00 | pi -0.003 | v 30.167
[PPO seed=2] Ep 145 | avg ret   46.65 | solved 1.00 | pi -0.004 | v 23.808
[PPO seed=2] Ep 150 | avg ret   45.39 | solved 1.00 | pi -0.002 | v 37.364
[PPO seed=2] done in 458.8s -> E:\DL\mountaincar-safe-rl\results\ppo\seed_2
[SafePPO seed=2] Ep   5 | ret -175.48 | cost  0.00 | lam  0.049 | solved 0.00 | viol 0
[SafePPO seed=2] Ep  10 | ret -164.48 | cost  0.00 | lam  0.047 | solved 0.00 | viol 0
[SafePPO seed=2] Ep  15 | ret -181.59 | cost  0.00 | lam  0.046 | solved 0.00 | viol 0
[SafePPO seed=2] Ep  20 | ret -174.88 | cost  0.00 | lam  0.045 | solved 0.00 | viol 0
[SafePPO seed=2] Ep  25 | ret -175.98 | cost  0.00 | lam  0.044 | solved 0.00 | viol 0
[SafePPO seed=2] Ep  30 | ret -170.04 | cost  0.00 | lam  0.043 | solved 0.00 | viol 0
[SafePPO seed=2] Ep  35 | ret -168.49 | cost  0.00 | lam  0.042 | solved 0.00 | viol 0
[SafePPO seed=2] Ep  40 | ret -168.67 | cost  0.00 | lam  0.041 | solved 0.00 | viol 0
[SafePPO seed=2] Ep  45 | ret -162.38 | cost  0.00 | lam  0.040 | solved 0.00 | viol 0
[SafePPO seed=2] Ep  50 | ret -159.14 | cost  0.00 | lam  0.039 | solved 0.00 | viol 0
[SafePPO seed=2] Ep  55 | ret -158.50 | cost  0.00 | lam  0.038 | solved 0.00 | viol 0
[SafePPO seed=2] Ep  60 | ret -160.03 | cost  0.00 | lam  0.037 | solved 0.00 | viol 0
[SafePPO seed=2] Ep  65 | ret -154.53 | cost  0.00 | lam  0.036 | solved 0.00 | viol 0
[SafePPO seed=2] Ep  70 | ret -157.70 | cost  0.00 | lam  0.036 | solved 0.00 | viol 0
[SafePPO seed=2] Ep  75 | ret -165.54 | cost  0.00 | lam  0.035 | solved 0.00 | viol 0
[SafePPO seed=2] Ep  80 | ret -158.45 | cost  0.00 | lam  0.034 | solved 0.00 | viol 0
[SafePPO seed=2] Ep  85 | ret -155.84 | cost  0.00 | lam  0.033 | solved 0.00 | viol 0
[SafePPO seed=2] Ep  90 | ret -155.21 | cost  0.00 | lam  0.033 | solved 0.00 | viol 0
[SafePPO seed=2] Ep  95 | ret -154.68 | cost  0.00 | lam  0.032 | solved 0.00 | viol 0
[SafePPO seed=2] Ep 100 | ret -160.04 | cost  0.00 | lam  0.031 | solved 0.00 | viol 0
[SafePPO seed=2] Ep 105 | ret -160.52 | cost  0.00 | lam  0.031 | solved 0.00 | viol 0
[SafePPO seed=2] Ep 110 | ret -165.69 | cost  0.00 | lam  0.030 | solved 0.00 | viol 0
[SafePPO seed=2] Ep 115 | ret -157.80 | cost  0.00 | lam  0.030 | solved 0.00 | viol 0
[SafePPO seed=2] Ep 120 | ret -155.42 | cost  0.00 | lam  0.029 | solved 0.00 | viol 0
[SafePPO seed=2] Ep 125 | ret -156.64 | cost  0.00 | lam  0.028 | solved 0.00 | viol 0
[SafePPO seed=2] Ep 130 | ret -160.99 | cost  0.00 | lam  0.028 | solved 0.00 | viol 0
[SafePPO seed=2] Ep 135 | ret -160.95 | cost  0.00 | lam  0.027 | solved 0.00 | viol 0
[SafePPO seed=2] Ep 140 | ret -159.17 | cost  0.00 | lam  0.027 | solved 0.00 | viol 0
[SafePPO seed=2] Ep 145 | ret -158.36 | cost  0.00 | lam  0.026 | solved 0.00 | viol 0
[SafePPO seed=2] Ep 150 | ret -159.86 | cost  0.00 | lam  0.026 | solved 0.00 | viol 0
[SafePPO seed=2] done in 548.6s -> E:\DL\mountaincar-safe-rl\results\safe_ppo\seed_2
ALL_TRAINING_DONE  
